  fold 0 xong
  fold 1 xong
  fold 2 xong
  fold 3 xong
  fold 4 xong
                                        auc  n_unique
method        impute scope  score                    
FKG_full_pool class  global margin   0.7930      80.4
                            softmax  0.5012       1.2
                     upper  margin   0.5568       4.6
                            softmax  0.5012       1.2
              global global margin   0.7930      80.4
                            softmax  0.5012       1.2
                     upper  margin   0.5568       4.6
                            softmax  0.5012       1.2
GreedyFKGS    class  global margin   0.8020      75.8
                            softmax  0.5311       3.2
                     upper  margin   0.5852       5.8
                            softmax  0.5403       2.4
              global global margin   0.8020      75.8
                            softmax  0.5311       3.2
                     upper  margin   0.5852       5.8
                            softmax  0.5403       2.4
