  fold 0 xong
  fold 1 xong
  fold 2 xong
  fold 3 xong
  fold 4 xong
                        auc            bacc        
                       mean     std    mean     std
scope    method                                    
adjacent CFKGS       0.6400  0.0227  0.5000  0.0000
         FKG_full    0.6413  0.0097  0.5000  0.0000
         GreedyFKGS  0.6822  0.0310  0.5000  0.0000
         SFKGS       0.6649  0.0166  0.5000  0.0000
global   CFKGS       0.6710  0.0107  0.5000  0.0000
         FKG_full    0.6830  0.0139  0.5000  0.0000
         GreedyFKGS  0.7252  0.0373  0.5000  0.0000
         SFKGS       0.7140  0.0283  0.5000  0.0000
upper    CFKGS       0.6044  0.0490  0.5000  0.0000
         FKG_full    0.5029  0.0096  0.5000  0.0000
         GreedyFKGS  0.6681  0.0140  0.4995  0.0015
         SFKGS       0.6470  0.0251  0.5000  0.0000
