RUN 20260927T235329-40111b63 | dataset=diabetes | quick=False | steps=['PREPROCESS', 'E1', 'E2', 'E3', 'E4', 'PUB', 'REPORT']

############################################################
# PREPROCESS
############################################################
  Nguồn: real (data/diabetes/Data.csv), sha256=5236d580bcdeef7e7228d750705e5d2dac416ee97a3378536c803caedb4458db
  18536 dòng -> 15778 sau loại 2758 trùng; nhãn {'0': 10506, '1': 5272}; X trùng khác nhãn: 0

############################################################
# E1
############################################################
  E1 n=10 xong
  E1 n=14 xong
  E1 n=18 xong
  Vi phạm: {'greedy': 0, 'sfkgs': 0, 'cfkgs': 0, 'sfkgs_decomposition': 0, 'cfkgs_negative_g': 0, 'chain': 0, 'classdev_sfkgs': np.int64(0), 'classdev_cfkgs': np.int64(0), 'greedy_above_opt': 0, 'size_mismatch': 0}

############################################################
# E2
############################################################
  E2 fold 0 theta=0.05 xong
  E2 fold 0 theta=0.1 xong
  E2 fold 0 theta=0.2 xong
  E2 fold 0 theta=0.3 xong
  E2 fold 0 theta=0.5 xong
  E2 fold 1 theta=0.05 xong
  E2 fold 1 theta=0.1 xong
  E2 fold 1 theta=0.2 xong
  E2 fold 1 theta=0.3 xong
  E2 fold 1 theta=0.5 xong
  E2 fold 2 theta=0.05 xong
  E2 fold 2 theta=0.1 xong
  E2 fold 2 theta=0.2 xong
  E2 fold 2 theta=0.3 xong
  E2 fold 2 theta=0.5 xong
  E2 fold 3 theta=0.05 xong
  E2 fold 3 theta=0.1 xong
  E2 fold 3 theta=0.2 xong
  E2 fold 3 theta=0.3 xong
  E2 fold 3 theta=0.5 xong
  E2 fold 4 theta=0.05 xong
  E2 fold 4 theta=0.1 xong
  E2 fold 4 theta=0.2 xong
  E2 fold 4 theta=0.3 xong
  E2 fold 4 theta=0.5 xong

############################################################
# E3
############################################################
  E3 fold 0 GreedyFKGS: theta*=0.05, test AUC=0.8499 (FKG đầy đủ 0.8574)
  E3 fold 0 SFKGS: theta*=0.6, test AUC=0.8654 (FKG đầy đủ 0.8574)
  E3 fold 0 CFKGS: theta*=0.3, test AUC=0.8540 (FKG đầy đủ 0.8574)
  E3 fold 1 GreedyFKGS: theta*=0.4, test AUC=0.9081 (FKG đầy đủ 0.9001)
  E3 fold 1 SFKGS: theta*=0.4, test AUC=0.9074 (FKG đầy đủ 0.9001)
  E3 fold 1 CFKGS: theta*=0.4, test AUC=0.8650 (FKG đầy đủ 0.9001)
  E3 fold 2 GreedyFKGS: theta*=0.05, test AUC=0.8610 (FKG đầy đủ 0.8672)
  E3 fold 2 SFKGS: theta*=0.05, test AUC=0.8558 (FKG đầy đủ 0.8672)
  E3 fold 2 CFKGS: theta*=0.2, test AUC=0.8898 (FKG đầy đủ 0.8672)
  E3 fold 3 GreedyFKGS: theta*=0.3, test AUC=0.8748 (FKG đầy đủ 0.8624)
  E3 fold 3 SFKGS: theta*=0.05, test AUC=0.8922 (FKG đầy đủ 0.8624)
  E3 fold 3 CFKGS: theta*=0.4, test AUC=0.8863 (FKG đầy đủ 0.8624)
  E3 fold 4 GreedyFKGS: theta*=0.05, test AUC=0.8819 (FKG đầy đủ 0.8903)
  E3 fold 4 SFKGS: theta*=0.1, test AUC=0.8903 (FKG đầy đủ 0.8903)
  E3 fold 4 CFKGS: theta*=0.2, test AUC=0.8922 (FKG đầy đủ 0.8903)

############################################################
# E4
############################################################
  E4 fold 0 xong
  E4 fold 1 xong
  E4 fold 2 xong
  E4 fold 3 xong
  E4 fold 4 xong

############################################################
# PUB
############################################################
  PUB orig q1090 seed=42: argmax acc=0.6648, calib acc=0.6564, AUC=0.6837
  PUB orig tertile seed=42: argmax acc=0.7585, calib acc=0.8018, AUC=0.8768
  PUB orig tertile seed=1: argmax acc=0.7628, calib acc=0.7950, AUC=0.8745
  PUB orig tertile seed=2: argmax acc=0.7578, calib acc=0.7997, AUC=0.8812
  PUB orig tertile seed=3: argmax acc=0.7623, calib acc=0.8015, AUC=0.8752
