RUN 20261003T061133-a3795db1 | dataset=diabetes | quick=False | steps=['PREPROCESS', 'E1', 'E2', 'E3', 'E4', 'PUB', 'REPORT']

############################################################
# PREPROCESS
############################################################
  Nguồn: real (data/diabetes/Data.csv), sha256=5236d580bcdeef7e7228d750705e5d2dac416ee97a3378536c803caedb4458db
  18536 dòng -> 15778 sau loại 2758 trùng; nhãn {'0': 10506, '1': 5272}; X trùng khác nhãn: 0

############################################################
# E1
############################################################
  E1 n=10 xong
  E1 n=14 xong
  E1 n=18 xong
  Vi phạm: {'greedy': 0, 'sfkgs': 0, 'cfkgs': 0, 'sfkgs_decomposition': 0, 'cfkgs_negative_g': 0, 'chain': 0, 'classdev_sfkgs': np.int64(0), 'classdev_cfkgs': np.int64(0), 'greedy_above_opt': 0, 'size_mismatch': 0}

############################################################
# E2
############################################################
  E2 fold 0 theta=0.05 xong
  E2 fold 0 theta=0.1 xong
  E2 fold 0 theta=0.2 xong
  E2 fold 0 theta=0.3 xong
  E2 fold 0 theta=0.5 xong
  E2 fold 1 theta=0.05 xong
  E2 fold 1 theta=0.1 xong
  E2 fold 1 theta=0.2 xong
  E2 fold 1 theta=0.3 xong
  E2 fold 1 theta=0.5 xong
  E2 fold 2 theta=0.05 xong
  E2 fold 2 theta=0.1 xong
  E2 fold 2 theta=0.2 xong
  E2 fold 2 theta=0.3 xong
  E2 fold 2 theta=0.5 xong
  E2 fold 3 theta=0.05 xong
  E2 fold 3 theta=0.1 xong
  E2 fold 3 theta=0.2 xong
  E2 fold 3 theta=0.3 xong
  E2 fold 3 theta=0.5 xong
  E2 fold 4 theta=0.05 xong
  E2 fold 4 theta=0.1 xong
  E2 fold 4 theta=0.2 xong
  E2 fold 4 theta=0.3 xong
  E2 fold 4 theta=0.5 xong

############################################################
# E3
############################################################
  E3 fold 0 GreedyFKGS: theta*=0.4, test AUC=0.9008 (FKG đầy đủ 0.9035)
  E3 fold 0 SFKGS: theta*=0.4, test AUC=0.8988 (FKG đầy đủ 0.9035)
  E3 fold 0 CFKGS: theta*=0.3, test AUC=0.9020 (FKG đầy đủ 0.9035)
  E3 fold 1 GreedyFKGS: theta*=0.4, test AUC=0.9141 (FKG đầy đủ 0.9126)
  E3 fold 1 SFKGS: theta*=0.4, test AUC=0.9113 (FKG đầy đủ 0.9126)
  E3 fold 1 CFKGS: theta*=0.2, test AUC=0.9058 (FKG đầy đủ 0.9126)
  E3 fold 2 GreedyFKGS: theta*=0.05, test AUC=0.8907 (FKG đầy đủ 0.8989)
  E3 fold 2 SFKGS: theta*=0.05, test AUC=0.8905 (FKG đầy đủ 0.8989)
  E3 fold 2 CFKGS: theta*=0.3, test AUC=0.9022 (FKG đầy đủ 0.8989)
  E3 fold 3 GreedyFKGS: theta*=0.15, test AUC=0.9035 (FKG đầy đủ 0.9022)
  E3 fold 3 SFKGS: theta*=0.2, test AUC=0.8931 (FKG đầy đủ 0.9022)
  E3 fold 3 CFKGS: theta*=0.3, test AUC=0.8971 (FKG đầy đủ 0.9022)
  E3 fold 4 GreedyFKGS: theta*=0.05, test AUC=0.8897 (FKG đầy đủ 0.8980)
  E3 fold 4 SFKGS: theta*=0.05, test AUC=0.8897 (FKG đầy đủ 0.8980)
  E3 fold 4 CFKGS: theta*=1.0, test AUC=0.8980 (FKG đầy đủ 0.8980)

############################################################
# E4
############################################################
  E4 fold 0 xong
  E4 fold 1 xong
  E4 fold 2 xong
  E4 fold 3 xong
  E4 fold 4 xong

############################################################
# PUB
############################################################
  PUB legacy tertile seed=42: argmax acc=0.7585, calib acc=0.8018, AUC=0.8768
  PUB legacy tertile seed=1: argmax acc=0.7628, calib acc=0.7950, AUC=0.8745
  PUB legacy tertile seed=2: argmax acc=0.7578, calib acc=0.7997, AUC=0.8812
