  fold 0 xong
  fold 1 xong
  fold 2 xong
  fold 3 xong
  fold 4 xong
                                        auc  n_unique
method        impute scope  score                    
FKG_full_pool class  global margin   0.6827     174.2
                            softmax  0.5000       1.0
                     upper  margin   0.5029       7.8
                            softmax  0.5029       1.0
              global global margin   0.6830     174.2
                            softmax  0.5000       1.0
                     upper  margin   0.5029       7.8
                            softmax  0.5029       1.0
GreedyFKGS    class  global margin   0.7266     178.4
                            softmax  0.7266       1.0
                     upper  margin   0.6681       8.6
                            softmax  0.6681       4.2
              global global margin   0.7252     179.2
                            softmax  0.7252       1.0
                     upper  margin   0.6681       8.6
                            softmax  0.6681       4.0
